// Jest Snapshot v1, https://goo.gl/fbAQLP

exports[`Home renders a heading 1`] = `
<h1>
  Join thousands of learners from around the world
</h1>
`;
